ASxxxx Linker V03.00 + NoICE + sdld,  page 1.
Hexadecimal  [32-Bits]

Area                       Addr        Size        Decimal Bytes (Attributes)
--------------------       ----        ----        ------- ----- ------------
.  .ABS.               00000000    00000000 =           0. bytes (ABS,CON)

        Value  Global            Value  Global            Value  Global    
        -----  ------            -----  ------            -----  ------    
     00000000  .__.ABS.  |    00000000  l__CABS   |    00000000  l__CODE_0
     00000000  l__DABS   |    00000000  l__DRAW_H |    00000000  l__FONT_H
     00000000  l__HEADER |    00000000  l__HEADER |    00000000  l__HEAP  
     00000000  l__HRAM   |    00000000  l__LIT    |    00000000  s__CABS  
     00000000  s__DABS   |    00000000  s__DRAW_H |    00000000  s__DRAW_H
     00000000  s__DRAW_H |    00000000  s__FONT_H |    00000000  s__FONT_H
     00000000  s__HEADER |    00000000  s__HEADER |    00000000  s__HEADER
     00000000  s__HEADER |    00000000  s__HEADER |    00000000  s__HEADER
     00000000  s__HEADER |    00000000  s__HEADER |    00000000  s__HEADER
     00000000  s__HEADER |    00000000  s__HEADER |    00000000  s__HEADER
     00000000  s__HEADER |    00000000  s__HEADER |    00000000  s__HEADER
     00000000  s__HEADER |    00000000  s__HEADER |    00000000  s__HEADER
     00000000  s__HEADER |    00000000  s__HEADER |    00000000  s__HRAM  
     00000000  s__HRAM11 |    00000001  l__GSFINA |    00000001  l__HEADER
     00000001  l__HEADER |    00000001  l__HEADER |    00000001  l__HEADER
     00000001  l__HEADER |    00000001  l__HEADER |    00000001  l__HEADER
     00000002  l__HEADER |    00000002  l__HEADER |    00000002  l__HRAM11
     00000003  l__DRAW_H |    00000003  l__FONT_H |    00000003  l__HEADER
     00000003  l__HEADER |    00000005  l__HEADER |    00000006  l__HEADER
     00000007  l__HEADER |    00000008  l__HEADER |    00000010  l__DRAW_H
     0000002C  l__HEADER |    00000033  l__HEADER |    00000053  l__BSS   
     0000007E  l__HEADER |    000001D0  l__HOME   |    00000200  s__CODE  
     000004DE  l__DATA   |    00001291  l__BASE   |    00001640  l__GSINIT
     0000261F  l__CODE   |    0000281F  s__HOME   |    000029EF  s__BASE  
     00003C80  s__CODE_0 |    00003C80  s__GSINIT |    00003C80  s__LIT   
     000052C0  s__GSFINA |    0000C000  _shadow_O |    0000C0A0  s__DATA  
     0000C57E  s__BSS    |    0000C5D1  s__HEAP   |    0000E000  .STACK   
     0000FF80  .refresh_
ASxxxx Linker V03.00 + NoICE + sdld,  page 2.
Hexadecimal  [32-Bits]

Area                       Addr        Size        Decimal Bytes (Attributes)
--------------------       ----        ----        ------- ----- ------------
_CODE                  00000200    0000261F =        9759. bytes (REL,CON)

        Value  Global            Value  Global            Value  Global    
        -----  ------            -----  ------            -----  ------    
     00000200  _initPart |    00000245  _main     |    000003D0  _jeuPoss 
     0000042F  _jouer    |    00000647  _alphabet |    00000813  _minmax  
     000009D7  _maxmin   |    00000B95  _eval     |    00000C46  _printxy 
     00000C82  _revers   |    00000CA4  _effaceLi |    00000CD1  _effaceCh
     00000D03  _clrscr   |    00000D10  _gbtbcar  |    00000D3E  _boitePla
     00000D81  _initJoys |    00000D82  _initPlat |    00000D85  _getkj   
     00000DB4  _menuOpti |    00001050  _afficher |    000012A2  _afficher
     000013A3  _afficher |    000013CB  _afficher |    00001500  _effacerA
     00001511  _choixJou |    0000183B  _dbgprint |    00001863  _afficher
     00001D3D  _gbglobal |    00001E40  _gprintln |    00001ED5  __divsuch
     00001EE4  __modsuch |    00001EF0  __divusch |    00001F02  __modusch
     00001F12  __divscha |    00001F20  __modscha |    00001F2C  __divsint
     00001F3F  __modsint |    00001F50  __divucha |    00001F5E  __moducha
     00001F6A  __divuint |    00001F7D  __moduint |    00001F8E  .div8    
     00001F8E  .mod8     |    00001F96  .div16    |    00001F96  .mod16   
     00001FCC  .divu8    |    00001FCC  .modu8    |    00001FCF  .divu16  
     00001FCF  .modu16   |    00002010  __mulsuch |    0000201A  __mulusch
     00002024  __mulscha |    00002036  __mulucha |    00002042  __mulint 
     00002068  _gprintn  |    000020BD  .adv_gcur |    000020DA  .circle  
     0000217D  .horlin   |    000021B5  .verlin   |    00002211  .circplot
     0000228F  .box      |    00002365  .line     |    00002486  .xonly   
     000025D5  .yonly    |    000025F6  .plot     |    00002613  .wrbyte  
     00002695  .getpix   |    000026CA  .wrtchr   |    0000272E  _gotogxy 
     00002739  _wrtchr   |    0000274E  _getpix   |    0000275A  _circle  
     00002774  _box      |    00002798  _line     |    000027B0  _plot_poi
     000027C4  _plot     |    000027E0  _putchar  |    000027E9  _setchar 
     000027F2  _gotoxy   |    000027FD  _posx     |    0000280E  _posy    
ASxxxx Linker V03.00 + NoICE + sdld,  page 3.
Hexadecimal  [32-Bits]

Area                       Addr        Size        Decimal Bytes (Attributes)
--------------------       ----        ----        ------- ----- ------------
_HEADER0               00000000    00000001 =           1. bytes (ABS,CON)

        Value  Global            Value  Global            Value  Global    
        -----  ------            -----  ------            -----  ------    
     00000020  .call_hl 
ASxxxx Linker V03.00 + NoICE + sdld,  page 4.
Hexadecimal  [32-Bits]

Area                       Addr        Size        Decimal Bytes (Attributes)
--------------------       ----        ----        ------- ----- ------------
_HEADER1               00000000    00000005 =           5. bytes (ABS,CON)

        Value  Global            Value  Global            Value  Global    
        -----  ------            -----  ------            -----  ------    
     00000028  .MemsetSm
ASxxxx Linker V03.00 + NoICE + sdld,  page 5.
Hexadecimal  [32-Bits]

Area                       Addr        Size        Decimal Bytes (Attributes)
--------------------       ----        ----        ------- ----- ------------
_HEADER2               00000000    00000007 =           7. bytes (ABS,CON)

        Value  Global            Value  Global            Value  Global    
        -----  ------            -----  ------            -----  ------    
     00000030  .MemcpySm
ASxxxx Linker V03.00 + NoICE + sdld,  page 6.
Hexadecimal  [32-Bits]

Area                       Addr        Size        Decimal Bytes (Attributes)
--------------------       ----        ----        ------- ----- ------------
_HEADER3               00000000    00000008 =           8. bytes (ABS,CON)

        Value  Global            Value  Global            Value  Global    
        -----  ------            -----  ------            -----  ------    
ASxxxx Linker V03.00 + NoICE + sdld,  page 7.
Hexadecimal  [32-Bits]

Area                       Addr        Size        Decimal Bytes (Attributes)
--------------------       ----        ----        ------- ----- ------------
_HEADER4               00000000    0000002C =          44. bytes (ABS,CON)

        Value  Global            Value  Global            Value  Global    
        -----  ------            -----  ------            -----  ------    
     00000080  .int      |    0000008F  _wait_int
ASxxxx Linker V03.00 + NoICE + sdld,  page 8.
Hexadecimal  [32-Bits]

Area                       Addr        Size        Decimal Bytes (Attributes)
--------------------       ----        ----        ------- ----- ------------
_HEADER5               00000000    00000033 =          51. bytes (ABS,CON)

        Value  Global            Value  Global            Value  Global    
        -----  ------            -----  ------            -----  ------    
ASxxxx Linker V03.00 + NoICE + sdld,  page 9.
Hexadecimal  [32-Bits]

Area                       Addr        Size        Decimal Bytes (Attributes)
--------------------       ----        ----        ------- ----- ------------
_HEADER6               00000000    00000006 =           6. bytes (ABS,CON)

        Value  Global            Value  Global            Value  Global    
        -----  ------            -----  ------            -----  ------    
ASxxxx Linker V03.00 + NoICE + sdld,  page 10.
Hexadecimal  [32-Bits]

Area                       Addr        Size        Decimal Bytes (Attributes)
--------------------       ----        ----        ------- ----- ------------
_HEADER7               00000000    00000003 =           3. bytes (ABS,CON)

        Value  Global            Value  Global            Value  Global    
        -----  ------            -----  ------            -----  ------    
ASxxxx Linker V03.00 + NoICE + sdld,  page 11.
Hexadecimal  [32-Bits]

Area                       Addr        Size        Decimal Bytes (Attributes)
--------------------       ----        ----        ------- ----- ------------
_HEADER8               00000000    00000001 =           1. bytes (ABS,CON)

        Value  Global            Value  Global            Value  Global    
        -----  ------            -----  ------            -----  ------    
ASxxxx Linker V03.00 + NoICE + sdld,  page 12.
Hexadecimal  [32-Bits]

Area                       Addr        Size        Decimal Bytes (Attributes)
--------------------       ----        ----        ------- ----- ------------
_HEADER9               00000000    00000001 =           1. bytes (ABS,CON)

        Value  Global            Value  Global            Value  Global    
        -----  ------            -----  ------            -----  ------    
ASxxxx Linker V03.00 + NoICE + sdld,  page 13.
Hexadecimal  [32-Bits]

Area                       Addr        Size        Decimal Bytes (Attributes)
--------------------       ----        ----        ------- ----- ------------
_HEADERa               00000000    00000001 =           1. bytes (ABS,CON)

        Value  Global            Value  Global            Value  Global    
        -----  ------            -----  ------            -----  ------    
ASxxxx Linker V03.00 + NoICE + sdld,  page 14.
Hexadecimal  [32-Bits]

Area                       Addr        Size        Decimal Bytes (Attributes)
--------------------       ----        ----        ------- ----- ------------
_HEADERb               00000000    00000002 =           2. bytes (ABS,CON)

        Value  Global            Value  Global            Value  Global    
        -----  ------            -----  ------            -----  ------    
ASxxxx Linker V03.00 + NoICE + sdld,  page 15.
Hexadecimal  [32-Bits]

Area                       Addr        Size        Decimal Bytes (Attributes)
--------------------       ----        ----        ------- ----- ------------
_HEADERc               00000000    00000001 =           1. bytes (ABS,CON)

        Value  Global            Value  Global            Value  Global    
        -----  ------            -----  ------            -----  ------    
ASxxxx Linker V03.00 + NoICE + sdld,  page 16.
Hexadecimal  [32-Bits]

Area                       Addr        Size        Decimal Bytes (Attributes)
--------------------       ----        ----        ------- ----- ------------
_HEADERd               00000000    00000001 =           1. bytes (ABS,CON)

        Value  Global            Value  Global            Value  Global    
        -----  ------            -----  ------            -----  ------    
ASxxxx Linker V03.00 + NoICE + sdld,  page 17.
Hexadecimal  [32-Bits]

Area                       Addr        Size        Decimal Bytes (Attributes)
--------------------       ----        ----        ------- ----- ------------
_HEADERe               00000000    00000002 =           2. bytes (ABS,CON)

        Value  Global            Value  Global            Value  Global    
        -----  ------            -----  ------            -----  ------    
ASxxxx Linker V03.00 + NoICE + sdld,  page 18.
Hexadecimal  [32-Bits]

Area                       Addr        Size        Decimal Bytes (Attributes)
--------------------       ----        ----        ------- ----- ------------
_HEADERf               00000000    0000007E =         126. bytes (ABS,CON)

        Value  Global            Value  Global            Value  Global    
        -----  ------            -----  ------            -----  ------    
     00000150  .reset    |    00000150  _reset    |    00000153  .code_sta
     000001B1  _exit     |    000001B5  _enable_i |    000001B7  _disable_
     000001B9  _set_inte
ASxxxx Linker V03.00 + NoICE + sdld,  page 19.
Hexadecimal  [32-Bits]

Area                       Addr        Size        Decimal Bytes (Attributes)
--------------------       ----        ----        ------- ----- ------------
_HEADER10              00000000    00000001 =           1. bytes (ABS,CON)

        Value  Global            Value  Global            Value  Global    
        -----  ------            -----  ------            -----  ------    
ASxxxx Linker V03.00 + NoICE + sdld,  page 20.
Hexadecimal  [32-Bits]

Area                       Addr        Size        Decimal Bytes (Attributes)
--------------------       ----        ----        ------- ----- ------------
_HOME                  0000281F    000001D0 =         464. bytes (REL,CON)

        Value  Global            Value  Global            Value  Global    
        -----  ------            -----  ------            -----  ------    
     0000281F  .remove_V |    00002822  .remove_i |    0000283F  .add_VBL 
     00002842  .add_int  |    0000284D  .wait_vbl |    0000284D  _wait_vbl
     0000285C  .display_ |    0000285C  _display_ |    00002873  _remove_V
     0000287E  _add_VBL  |    00002889  _gprintf  |    000029CA  _digits  
     000029DD  _gprint  
ASxxxx Linker V03.00 + NoICE + sdld,  page 21.
Hexadecimal  [32-Bits]

Area                       Addr        Size        Decimal Bytes (Attributes)
--------------------       ----        ----        ------- ----- ------------
_BASE                  000029EF    00001291 =        4753. bytes (REL,CON)

        Value  Global            Value  Global            Value  Global    
        -----  ------            -----  ------            -----  ------    
     000029EF  _strcpy   |    00002A01  .padup    |    00002A01  _waitpadu
     00002A11  .jpad     |    00002A11  _joypad   |    00002A39  _waitpad 
     00002A3C  .wait_pad |    00002A43  .gmode    |    00002AA5  .draw_ima
     00002AAF  .switch_d |    00002AE9  _switch_d |    00002B04  _draw_ima
     00002B17  .y_table  |    00002C37  _color    |    00002C46  .drawing_
     00002C51  .drawing_ |    00002C5E  .init_wtt |    00002C66  .init_btt
     00002C74  .init_tt  |    00002C77  .init_vra |    00002C9C  .copy_vra
     00002CAB  _get_data |    00002CAB  _set_data |    00002CED  _add_LCD 
     00002CF8  .add_LCD  |    00002CFE  _remove_L |    00002D09  .remove_L
     00002D0F  _font_loa |    00002D16  _font_ibm |    00002E18  _font_ibm
     00003618  _font_loa |    0000361F  font_copy |    00003655  font_copy
     000036A4  font_load |    000036EC  font_copy |    00003734  font_set 
     00003741  .put_char |    00003759  .out_char |    0000375F  .del_char
     000037B5  _font_loa |    000037C3  _font_set |    000037D2  _font_ini
     000037F2  .cls      |    000037F2  _cls      |    00003824  .cr_curs 
     00003839  .adv_curs |    00003895  .tmode    |    000038BE  .tmode_ou
     000038CE  _font_ibm
ASxxxx Linker V03.00 + NoICE + sdld,  page 22.
Hexadecimal  [32-Bits]

Area                       Addr        Size        Decimal Bytes (Attributes)
--------------------       ----        ----        ------- ----- ------------
_GSINIT                00003C80    00001640 =        5696. bytes (REL,CON)

        Value  Global            Value  Global            Value  Global    
        -----  ------            -----  ------            -----  ------    
     00003C80  gsinit   
ASxxxx Linker V03.00 + NoICE + sdld,  page 23.
Hexadecimal  [32-Bits]

Area                       Addr        Size        Decimal Bytes (Attributes)
--------------------       ----        ----        ------- ----- ------------
_GSFINAL               000052C0    00000001 =           1. bytes (REL,CON)

        Value  Global            Value  Global            Value  Global    
        -----  ------            -----  ------            -----  ------    
ASxxxx Linker V03.00 + NoICE + sdld,  page 24.
Hexadecimal  [32-Bits]

Area                       Addr        Size        Decimal Bytes (Attributes)
--------------------       ----        ----        ------- ----- ------------
_DATA                  0000C0A0    000004DE =        1246. bytes (REL,CON)

        Value  Global            Value  Global            Value  Global    
        -----  ------            -----  ------            -----  ------    
     0000C0A0  _jeu      |    0000C0B2  _prof     |    0000C0B4  _tab     
     0000C0C8  _j        |    0000C0CA  _temp     |    0000C10A  _posEval 
     0000C10C  _gOptionJ |    0000C112  _gOption2 |    0000C120  _gOption1
     0000C12E  _gOption2 |    0000C13C  _gOptionQ |    0000C154  _gJ1comme
     0000C16A  _gJ2ordi  |    0000C188  _gOptionP |    0000C1A0  _gJoueur 
     0000C1A4  _gJ       |    0000C1B0  _gPositio |    0000C1C7  _gVous   
     0000C1D0  _gMoi     |    0000C1D9  _gJ1      |    0000C1E2  _gJ2     
     0000C1EB  _gO1      |    0000C1F4  _gO2      |    0000C1FD  _gQuelleC
     0000C210  _gVainque |    0000C21B  _gEgalite |    0000C225  _gRegles 
     0000C564  _gMenuReg |    0000C56B  _gMenuJou |    0000C573  _gMenuOpt
     0000C57B  _gMenuOK 
ASxxxx Linker V03.00 + NoICE + sdld,  page 25.
Hexadecimal  [32-Bits]

Area                       Addr        Size        Decimal Bytes (Attributes)
--------------------       ----        ----        ------- ----- ------------
_BSS                   0000C57E    00000053 =          83. bytes (REL,CON)

        Value  Global            Value  Global            Value  Global    
        -----  ------            -----  ------            -----  ------    
     0000C57E  __cpu     |    0000C57F  .mode     |    0000C580  .sys_time
     0000C580  _sys_time |    0000C582  .int_0x40 |    0000C5A6  .fg_colou
     0000C5A7  .bg_colou |    0000C5A8  .draw_mod |    0000C5A9  .int_0x48
     0000C5B9  font_curr |    0000C5BC  font_firs |    0000C5BD  font_tabl
     0000C5CF  .curx     |    0000C5D0  .cury    
ASxxxx Linker V03.00 + NoICE + sdld,  page 26.
Hexadecimal  [32-Bits]

Area                       Addr        Size        Decimal Bytes (Attributes)
--------------------       ----        ----        ------- ----- ------------
_HEAP                  0000C5D1    00000000 =           0. bytes (REL,CON)

        Value  Global            Value  Global            Value  Global    
        -----  ------            -----  ------            -----  ------    
     0000C5D1  _malloc_h
ASxxxx Linker V03.00 + NoICE + sdld,  page 27.
Hexadecimal  [32-Bits]

Area                       Addr        Size        Decimal Bytes (Attributes)
--------------------       ----        ----        ------- ----- ------------
_HRAM11                00000000    00000002 =           2. bytes (ABS,CON)

        Value  Global            Value  Global            Value  Global    
        -----  ------            -----  ------            -----  ------    
     0000FF90  __current
ASxxxx Linker V03.00 + NoICE + sdld,  page 28.
Hexadecimal  [32-Bits]

Area                       Addr        Size        Decimal Bytes (Attributes)
--------------------       ----        ----        ------- ----- ------------
_DRAW_HEADER0          00000000    00000010 =          16. bytes (ABS,CON)

        Value  Global            Value  Global            Value  Global    
        -----  ------            -----  ------            -----  ------    
ASxxxx Linker V03.00 + NoICE + sdld,  page 29.
Hexadecimal  [32-Bits]

Area                       Addr        Size        Decimal Bytes (Attributes)
--------------------       ----        ----        ------- ----- ------------
_DRAW_HEADER1          00000000    00000003 =           3. bytes (ABS,CON)

        Value  Global            Value  Global            Value  Global    
        -----  ------            -----  ------            -----  ------    
ASxxxx Linker V03.00 + NoICE + sdld,  page 30.
Hexadecimal  [32-Bits]

Area                       Addr        Size        Decimal Bytes (Attributes)
--------------------       ----        ----        ------- ----- ------------
_HEADER_LCD0           00000000    00000003 =           3. bytes (ABS,CON)

        Value  Global            Value  Global            Value  Global    
        -----  ------            -----  ------            -----  ------    
ASxxxx Linker V03.00 + NoICE + sdld,  page 31.
Hexadecimal  [32-Bits]

Area                       Addr        Size        Decimal Bytes (Attributes)
--------------------       ----        ----        ------- ----- ------------
_FONT_HEADER0          00000000    00000003 =           3. bytes (ABS,CON)

        Value  Global            Value  Global            Value  Global    
        -----  ------            -----  ------            -----  ------    
ASxxxx Linker V03.00 + NoICE + sdld,  page 32.

Files Linked                              [ module(s) ]

/opt/gbdk/lib/small/asxxxx/gb/crt0.o      [ Runtime ]
obj/gb/awele.o                            [ awele ]
obj/gb/aweleia.o                          [ aweleia ]
obj/gb/globals.o                          [ globals ]
obj/gb/awele_gb.o                         [ awele_gb ]
obj/gb/gbglobals.o                        [ gbglobals ]


Libraries Linked                          [ object file ]

/opt/gbdk/lib/small/asxxxx/gbz80/gbz80.lib
                                          [ _strcpy.o ]
/opt/gbdk/lib/small/asxxxx/gb/gb.lib      [ pad.o ]
/opt/gbdk/lib/small/asxxxx/gb/gb.lib      [ gprintln.o ]
/opt/gbdk/lib/small/asxxxx/gbz80/gbz80.lib
                                          [ div.o ]
/opt/gbdk/lib/small/asxxxx/gbz80/gbz80.lib
                                          [ mul.o ]
/opt/gbdk/lib/small/asxxxx/gb/gb.lib      [ gprintf.o ]
/opt/gbdk/lib/small/asxxxx/gb/gb.lib      [ gprintn.o ]
/opt/gbdk/lib/small/asxxxx/gb/gb.lib      [ digits.o ]
/opt/gbdk/lib/small/asxxxx/gb/gb.lib      [ drawing.o ]
/opt/gbdk/lib/small/asxxxx/gb/gb.lib      [ color.o ]
/opt/gbdk/lib/small/asxxxx/gb/gb.lib      [ drawing_isr.o ]
/opt/gbdk/lib/small/asxxxx/gb/gb.lib      [ gprint.o ]
/opt/gbdk/lib/small/asxxxx/gb/gb.lib      [ init_tt.o ]
/opt/gbdk/lib/small/asxxxx/gb/gb.lib      [ cpy_data.o ]
/opt/gbdk/lib/small/asxxxx/gb/gb.lib      [ lcd.o ]
/opt/gbdk/lib/small/asxxxx/gb/gb.lib      [ f_ibm_full.o ]
/opt/gbdk/lib/small/asxxxx/gb/gb.lib      [ font.o ]
/opt/gbdk/lib/small/asxxxx/gb/gb.lib      [ f_ibm_sh.o ]

ASxxxx Linker V03.00 + NoICE + sdld,  page 33.

User Base Address Definitions

_DATA=0xc0a0
_CODE=0x0200
ASxxxx Linker V03.00 + NoICE + sdld,  page 34.

User Global Definitions

_shadow_OAM=0xC000
.STACK=0xE000
.refresh_OAM=0xFF80

